Alex is error of nature
